// Jest Snapshot v1, https://goo.gl/fbAQLP

exports[`components/AddTodo should call handle methods 1`] = `
<header>
  <h1
    class="AddTodo__Title-sc-1tv6v9y-0 bfdmhS"
  >
    todos
  </h1>
  <input
    class="AddTodo__Input-sc-1tv6v9y-1 ffEMId"
    name="todo"
    placeholder="What needs to be done?"
    value=""
  />
</header>
`;
