// Jest Snapshot v1, https://goo.gl/fbAQLP

exports[`components/AddTodo should call handle methods 1`] = `
<section
  class="css-1co91pt-Section eh3xbd90"
>
  <h1>
    todos
  </h1>
  <input
    name="todo"
    placeholder="What needs to be done?"
    value=""
  />
</section>
`;
